[ok] upload #10  items=3  cells=12  parse=0.00s  insert=0.00s  warnings=0
Content-Type: text/plain; charset="utf-8"
Content-Transfer-Encoding: 8bit
MIME-Version: 1.0
Subject: [JCPL MTO/MTS] Working file for Aug 2026 is ready for review
From: no-reply@jollyclamps.local
To: admin@jollyclamps.com, ops@jollyclamps.local, oemsales@jollyclamps.local
Date: Mon, 10 Aug 2026 10:20:44 +0000
Message-ID: <178635724486.179698.545318492562875083@ubuntu-24.localhost>

The MTO / MTS working file for Aug 2026 has been published on the
portal and is ready for your review.

Uploaded by      : ops_user
Uploaded at (UTC): 2026-08-10 10:20
Total items      : 3
Review by        : Monday, 17 August 2026

Recent-month breakdown (based on the last completed month's value
for each item in the source sheet):
  • MTS   : 1
  • MTO   : 2
  • Blank : 0

Working file : http://200.141.14.164:4000/mto-mts
Change log   : http://200.141.14.164:4000/mto-mts/changes

Both Operations and OEM Sales can review this file at the same time.
Every edit is logged and notifies the other department automatically.

-------------------------------------------------------------------------------
[ok] publication email dispatched for upload #10
[ok] upload #11  items=1689  cells=43914  parse=0.16s  insert=1.31s  warnings=0
Content-Type: text/plain; charset="utf-8"
Content-Transfer-Encoding: 8bit
MIME-Version: 1.0
Subject: [JCPL MTO/MTS] Working file for May 2027 is ready for review
From: no-reply@jollyclamps.local
To: admin@jollyclamps.com, ops@jollyclamps.local, oemsales@jollyclamps.local
Date: Mon, 10 Aug 2026 10:22:55 +0000
Message-ID: <178635737571.179752.11668166067266167308@ubuntu-24.localhost>

The MTO / MTS working file for May 2027 has been published on the
portal and is ready for your review.

Uploaded by      : ops_user
Uploaded at (UTC): 2026-08-10 10:22
Total items      : 1689
Review by        : Monday, 17 August 2026

Recent-month breakdown (based on the last completed month's value
for each item in the source sheet):
  • MTS   : 1151
  • MTO   : 538
  • Blank : 0

Working file : http://200.141.14.164:4000/mto-mts
Change log   : http://200.141.14.164:4000/mto-mts/changes

Both Operations and OEM Sales can review this file at the same time.
Every edit is logged and notifies the other department automatically.

-------------------------------------------------------------------------------
[ok] publication email dispatched for upload #11
[ok] upload #12  items=2  cells=6  parse=0.00s  insert=0.00s  warnings=0
Content-Type: text/plain; charset="utf-8"
Content-Transfer-Encoding: 8bit
MIME-Version: 1.0
Subject: [JCPL MTO/MTS] Working file for Aug 2026 is ready for review
From: no-reply@jollyclamps.local
To: admin@jollyclamps.com, ops@jollyclamps.local, oemsales@jollyclamps.local
Date: Tue, 11 Aug 2026 06:06:30 +0000
Message-ID: <178642839023.195673.9814656126337796793@ubuntu-24.localhost>

The MTO / MTS working file for Aug 2026 has been published on the
portal and is ready for your review.

Uploaded by      : ops_user
Uploaded at (UTC): 2026-08-11 06:06
Total items      : 2
Review by        : Tuesday, 18 August 2026

Recent-month breakdown (based on the last completed month's value
for each item in the source sheet):
  • MTS   : 1
  • MTO   : 1
  • Blank : 0

Working file : http://200.141.14.164:4000/mto-mts
Change log   : http://200.141.14.164:4000/mto-mts/changes

Both Operations and OEM Sales can review this file at the same time.
Every edit is logged and notifies the other department automatically.

-------------------------------------------------------------------------------
[ok] publication email dispatched for upload #12
[ok] upload #13  items=1  cells=2  parse=0.00s  insert=0.01s  warnings=0
Content-Type: text/plain; charset="utf-8"
Content-Transfer-Encoding: 8bit
MIME-Version: 1.0
Subject: [JCPL MTO/MTS] Working file for Aug 2026 is ready for review
From: no-reply@jollyclamps.local
To: admin@jollyclamps.com, ops@jollyclamps.local, oemsales@jollyclamps.local
Date: Tue, 11 Aug 2026 06:08:40 +0000
Message-ID: <178642852089.196576.8345529436996634405@ubuntu-24.localhost>

The MTO / MTS working file for Aug 2026 has been published on the
portal and is ready for your review.

Uploaded by      : ops_user
Uploaded at (UTC): 2026-08-11 06:08
Total items      : 1
Review by        : Tuesday, 18 August 2026

Recent-month breakdown (based on the last completed month's value
for each item in the source sheet):
  • MTS   : 1
  • MTO   : 0
  • Blank : 0

Working file : http://200.141.14.164:4000/mto-mts
Change log   : http://200.141.14.164:4000/mto-mts/changes

Both Operations and OEM Sales can review this file at the same time.
Every edit is logged and notifies the other department automatically.

-------------------------------------------------------------------------------
[ok] publication email dispatched for upload #13
[ok] upload #14  items=1  cells=2  parse=0.00s  insert=0.00s  warnings=0
Content-Type: text/plain; charset="utf-8"
Content-Transfer-Encoding: 8bit
MIME-Version: 1.0
Subject: [JCPL MTO/MTS] Working file for Aug 2026 is ready for review
From: no-reply@jollyclamps.local
To: admin@jollyclamps.com, ops@jollyclamps.local, oemsales@jollyclamps.local
Date: Tue, 11 Aug 2026 06:08:43 +0000
Message-ID: <178642852389.196599.5380506084491016266@ubuntu-24.localhost>

The MTO / MTS working file for Aug 2026 has been published on the
portal and is ready for your review.

Uploaded by      : ops_user
Uploaded at (UTC): 2026-08-11 06:08
Total items      : 1
Review by        : Tuesday, 18 August 2026

Recent-month breakdown (based on the last completed month's value
for each item in the source sheet):
  • MTS   : 1
  • MTO   : 0
  • Blank : 0

Working file : http://200.141.14.164:4000/mto-mts
Change log   : http://200.141.14.164:4000/mto-mts/changes

Both Operations and OEM Sales can review this file at the same time.
Every edit is logged and notifies the other department automatically.

-------------------------------------------------------------------------------
[ok] publication email dispatched for upload #14
[ok] upload #15  items=1  cells=2  parse=0.00s  insert=0.00s  warnings=0
Content-Type: text/plain; charset="utf-8"
Content-Transfer-Encoding: 8bit
MIME-Version: 1.0
Subject: [JCPL MTO/MTS] Working file for Aug 2026 is ready for review
From: no-reply@jollyclamps.local
To: admin@jollyclamps.com, ops@jollyclamps.local, oemsales@jollyclamps.local
Date: Tue, 11 Aug 2026 06:13:33 +0000
Message-ID: <178642881364.198783.4742893622384155811@ubuntu-24.localhost>

The MTO / MTS working file for Aug 2026 has been published on the
portal and is ready for your review.

Uploaded by      : ops_user
Uploaded at (UTC): 2026-08-11 06:13
Total items      : 1
Review by        : Tuesday, 18 August 2026

Recent-month breakdown (based on the last completed month's value
for each item in the source sheet):
  • MTS   : 1
  • MTO   : 0
  • Blank : 0

Working file : http://200.141.14.164:4000/mto-mts
Change log   : http://200.141.14.164:4000/mto-mts/changes

Both Operations and OEM Sales can review this file at the same time.
Every edit is logged and notifies the other department automatically.

-------------------------------------------------------------------------------
[ok] publication email dispatched for upload #15
[ok] upload #16  items=1  cells=2  parse=0.00s  insert=0.01s  warnings=0
Content-Type: text/plain; charset="utf-8"
Content-Transfer-Encoding: 8bit
MIME-Version: 1.0
Subject: [JCPL MTO/MTS] Working file for Aug 2026 is ready for review
From: no-reply@jollyclamps.local
To: admin@jollyclamps.com, ops@jollyclamps.local, oemsales@jollyclamps.local
Date: Tue, 11 Aug 2026 06:14:19 +0000
Message-ID: <178642885909.199194.10189262933448722194@ubuntu-24.localhost>

The MTO / MTS working file for Aug 2026 has been published on the
portal and is ready for your review.

Uploaded by      : ops_user
Uploaded at (UTC): 2026-08-11 06:14
Total items      : 1
Review by        : Tuesday, 18 August 2026

Recent-month breakdown (based on the last completed month's value
for each item in the source sheet):
  • MTS   : 1
  • MTO   : 0
  • Blank : 0

Working file : http://200.141.14.164:4000/mto-mts
Change log   : http://200.141.14.164:4000/mto-mts/changes

Both Operations and OEM Sales can review this file at the same time.
Every edit is logged and notifies the other department automatically.

-------------------------------------------------------------------------------
[ok] publication email dispatched for upload #16
[ok] upload #17  items=5  cells=10  parse=0.00s  insert=0.01s  warnings=0
Content-Type: text/plain; charset="utf-8"
Content-Transfer-Encoding: 8bit
MIME-Version: 1.0
Subject: [JCPL MTO/MTS] Working file for Aug 2026 is ready for review
From: no-reply@jollyclamps.local
To: admin@jollyclamps.com, ops@jollyclamps.local, oemsales@jollyclamps.local
Date: Tue, 11 Aug 2026 06:15:41 +0000
Message-ID: <178642894165.199801.14627299770186122316@ubuntu-24.localhost>

The MTO / MTS working file for Aug 2026 has been published on the
portal and is ready for your review.

Uploaded by      : ops_user
Uploaded at (UTC): 2026-08-11 06:15
Total items      : 5
Review by        : Tuesday, 18 August 2026

Recent-month breakdown (based on the last completed month's value
for each item in the source sheet):
  • MTS   : 2
  • MTO   : 3
  • Blank : 0

Working file : http://200.141.14.164:4000/mto-mts
Change log   : http://200.141.14.164:4000/mto-mts/changes

Both Operations and OEM Sales can review this file at the same time.
Every edit is logged and notifies the other department automatically.

-------------------------------------------------------------------------------
[ok] publication email dispatched for upload #17
[ok] upload #18  items=1689  cells=43914  parse=0.17s  insert=1.38s  warnings=0
Content-Type: text/plain; charset="utf-8"
Content-Transfer-Encoding: 8bit
MIME-Version: 1.0
Subject: [JCPL MTO/MTS] Working file for May 2027 is ready for review
From: no-reply@jollyclamps.local
To: admin@jollyclamps.com, ops@jollyclamps.local, oemsales@jollyclamps.local
Date: Tue, 11 Aug 2026 06:19:53 +0000
Message-ID: <178642919324.201403.16413398803081284634@ubuntu-24.localhost>

The MTO / MTS working file for May 2027 has been published on the
portal and is ready for your review.

Uploaded by      : ops_user
Uploaded at (UTC): 2026-08-11 06:19
Total items      : 1689
Review by        : Tuesday, 18 August 2026

Recent-month breakdown (based on the last completed month's value
for each item in the source sheet):
  • MTS   : 1151
  • MTO   : 538
  • Blank : 0

Working file : http://200.141.14.164:4000/mto-mts
Change log   : http://200.141.14.164:4000/mto-mts/changes

Both Operations and OEM Sales can review this file at the same time.
Every edit is logged and notifies the other department automatically.

-------------------------------------------------------------------------------
[ok] publication email dispatched for upload #18
[ok] upload #19  items=2  cells=4  parse=0.00s  insert=0.00s  warnings=0
Content-Type: text/plain; charset="utf-8"
Content-Transfer-Encoding: 8bit
MIME-Version: 1.0
Subject: [JCPL MTO/MTS] Working file for Aug 2026 is ready for review
From: no-reply@jollyclamps.local
To: admin@jollyclamps.com, ops@jollyclamps.local, oemsales@jollyclamps.local
Date: Tue, 11 Aug 2026 06:23:59 +0000
Message-ID: <178642943944.203054.15230015939897643579@ubuntu-24.localhost>

The MTO / MTS working file for Aug 2026 has been published on the
portal and is ready for your review.

Uploaded by      : ops_user
Uploaded at (UTC): 2026-08-11 06:23
Total items      : 2
Review by        : Tuesday, 18 August 2026

Recent-month breakdown (based on the last completed month's value
for each item in the source sheet):
  • MTS   : 1
  • MTO   : 1
  • Blank : 0

Working file : http://200.141.14.164:4000/mto-mts
Change log   : http://200.141.14.164:4000/mto-mts/changes

Both Operations and OEM Sales can review this file at the same time.
Every edit is logged and notifies the other department automatically.

-------------------------------------------------------------------------------
[ok] publication email dispatched for upload #19
[ok] upload #20  items=1689  cells=43914  parse=0.17s  insert=1.34s  warnings=0
Content-Type: text/plain; charset="utf-8"
Content-Transfer-Encoding: 8bit
MIME-Version: 1.0
Subject: [JCPL MTO/MTS] Working file for May 2027 is ready for review
From: no-reply@jollyclamps.local
To: admin@jollyclamps.com, ops@jollyclamps.local, oemsales@jollyclamps.local
Date: Tue, 11 Aug 2026 06:30:17 +0000
Message-ID: <178642981775.205436.10583452204650646963@ubuntu-24.localhost>

The MTO / MTS working file for May 2027 has been published on the
portal and is ready for your review.

Uploaded by      : ops_user
Uploaded at (UTC): 2026-08-11 06:30
Total items      : 1689
Review by        : Tuesday, 18 August 2026

Recent-month breakdown (based on the last completed month's value
for each item in the source sheet):
  • MTS   : 1151
  • MTO   : 538
  • Blank : 0

Working file : http://200.141.14.164:4000/mto-mts
Change log   : http://200.141.14.164:4000/mto-mts/changes

Both Operations and OEM Sales can review this file at the same time.
Every edit is logged and notifies the other department automatically.

-------------------------------------------------------------------------------
[ok] publication email dispatched for upload #20
[ok] upload #21  items=1717  cells=46359  parse=0.18s  insert=1.45s  warnings=1717
Content-Type: text/plain; charset="utf-8"
Content-Transfer-Encoding: 8bit
MIME-Version: 1.0
Subject: [JCPL MTO/MTS] Working file for May 2027 is ready for review
From: no-reply@jollyclamps.local
To: admin@jollyclamps.com, ops@jollyclamps.local, oemsales@jollyclamps.local
Date: Tue, 11 Aug 2026 06:59:09 +0000
Message-ID: <178643154908.219956.1216285572995449705@ubuntu-24.localhost>

The MTO / MTS working file for May 2027 has been published on the
portal and is ready for your review.

Uploaded by      : ops_user
Uploaded at (UTC): 2026-08-11 06:59
Total items      : 1717
Review by        : Tuesday, 18 August 2026

Recent-month breakdown (based on the last completed month's value
for each item in the source sheet):
  • MTS   : 1171
  • MTO   : 546
  • Blank : 0

Working file : http://200.141.14.164:4000/mto-mts
Change log   : http://200.141.14.164:4000/mto-mts/changes

Both Operations and OEM Sales can review this file at the same time.
Every edit is logged and notifies the other department automatically.

-------------------------------------------------------------------------------
[ok] publication email dispatched for upload #21
[ok] upload #23  items=1717  cells=44642  parse=0.17s  insert=1.33s  warnings=0
Content-Type: text/plain; charset="utf-8"
Content-Transfer-Encoding: 8bit
MIME-Version: 1.0
Subject: [JCPL MTO/MTS] Working file for May 2027 is ready for review
From: no-reply@jollyclamps.local
To: admin@jollyclamps.com, ops@jollyclamps.local, oemsales@jollyclamps.local
Date: Tue, 11 Aug 2026 07:18:23 +0000
Message-ID: <178643270388.222631.1788184598513115310@ubuntu-24.localhost>

The MTO / MTS working file for May 2027 has been published on the
portal and is ready for your review.

Uploaded by      : ops_user
Uploaded at (UTC): 2026-08-11 07:18
Total items      : 1717
Review by        : Tuesday, 18 August 2026

Recent-month breakdown (based on the last completed month's value
for each item in the source sheet):
  • MTS   : 1171
  • MTO   : 546
  • Blank : 0

Working file : http://200.141.14.164:4000/mto-mts
Change log   : http://200.141.14.164:4000/mto-mts/changes

Both Operations and OEM Sales can review this file at the same time.
Every edit is logged and notifies the other department automatically.

-------------------------------------------------------------------------------
[ok] publication email dispatched for upload #23
[ok] upload #24  items=1892  cells=52976  parse=0.20s  insert=1.66s  warnings=3783
Content-Type: text/plain; charset="utf-8"
Content-Transfer-Encoding: 8bit
MIME-Version: 1.0
Subject: [JCPL MTO/MTS] Working file for May 2027 is ready for review
From: no-reply@jollyclamps.local
To: admin@jollyclamps.com, ops@jollyclamps.local, oemsales@jollyclamps.local
Date: Tue, 11 Aug 2026 09:26:22 +0000
Message-ID: <178644038234.248554.17744926140611803665@ubuntu-24.localhost>

The MTO / MTS working file for May 2027 has been published on the
portal and is ready for your review.

Uploaded by      : ops_user
Uploaded at (UTC): 2026-08-11 09:26
Total items      : 1892
Review by        : Tuesday, 18 August 2026

Recent-month breakdown (based on the last completed month's value
for each item in the source sheet):
  • MTS   : 1196
  • MTO   : 696
  • Blank : 0

Working file : http://200.141.14.164:4000/mto-mts
Change log   : http://200.141.14.164:4000/mto-mts/changes

Both Operations and OEM Sales can review this file at the same time.
Every edit is logged and notifies the other department automatically.

-------------------------------------------------------------------------------
[ok] publication email dispatched for upload #24
[ok] upload #25  items=1892  cells=49192  parse=0.20s  insert=1.57s  warnings=0
Content-Type: text/plain; charset="utf-8"
Content-Transfer-Encoding: 8bit
MIME-Version: 1.0
Subject: [JCPL MTO/MTS] Working file for May 2027 is ready for review
From: no-reply@jollyclamps.local
To: admin@jollyclamps.com, ops@jollyclamps.local, oemsales@jollyclamps.local
Date: Wed, 12 Aug 2026 05:37:55 +0000
Message-ID: <178651307599.253852.1482218558374879726@ubuntu-24.localhost>

The MTO / MTS working file for May 2027 has been published on the
portal and is ready for your review.

Uploaded by      : ops_user
Uploaded at (UTC): 2026-08-12 05:37
Total items      : 1892
Review by        : Wednesday, 19 August 2026

Recent-month breakdown (based on the last completed month's value
for each item in the source sheet):
  • MTS   : 1196
  • MTO   : 696
  • Blank : 0

Working file : http://200.141.14.164:4000/mto-mts
Change log   : http://200.141.14.164:4000/mto-mts/changes

Both Operations and OEM Sales can review this file at the same time.
Every edit is logged and notifies the other department automatically.

-------------------------------------------------------------------------------
[ok] publication email dispatched for upload #25
