[ok] PO snapshot #3 — 1565 lines
[ok] PO snapshot #4 — 1565 lines
[ok] PO snapshot #5 — 1565 lines
[ok] PO snapshot #6 — 1565 lines
[ok] PO snapshot #7 — 1565 lines
[ok] PO snapshot #8 — 1565 lines
[ok] PO snapshot #9 — 1565 lines
[ok] PO snapshot #10 — 1565 lines
[ok] PO snapshot #11 — 1565 lines
[ok] PO snapshot #12 — 1565 lines
[ok] PO snapshot #13 — 1565 lines
[ok] PO snapshot #14 — 1565 lines
[ok] PO snapshot #15 — 1565 lines
[ok] PO snapshot #16 — 1565 lines
[ok] PO snapshot #17 — 1565 lines
[ok] PO snapshot #18 — 1565 lines
[ok] PO snapshot #19 — 1565 lines
[ok] PO snapshot #20 — 1565 lines
[ok] PO snapshot #21 — 1565 lines
[ok] PO snapshot #22 — 1565 lines
[ok] PO snapshot #23 — 1565 lines
[ok] PO snapshot #24 — 1565 lines
[ok] PO snapshot #25 — 1565 lines
[ok] PO snapshot #26 — 1565 lines
[ok] PO snapshot #27 — 1565 lines
[ok] PO snapshot #28 — 1565 lines
[ok] PO snapshot #29 — 1565 lines
[ok] PO snapshot #30 — 1565 lines
[ok] PO snapshot #31 — 1565 lines
[ok] PO snapshot #32 — 1565 lines
[ok] PO snapshot #33 — 1565 lines
[ok] PO snapshot #34 — 1565 lines
[ok] PO snapshot #35 — 1565 lines
[ok] PO snapshot #36 — 1565 lines
[ok] PO snapshot #37 — 1565 lines
[ok] PO snapshot #38 — 1565 lines
[ok] PO snapshot #39 — 1565 lines
[ok] PO snapshot #40 — 1565 lines
[ok] PO snapshot #41 — 1565 lines
[ok] PO snapshot #42 — 1565 lines
[ok] PO snapshot #43 — 1565 lines
Traceback (most recent call last):
  File "/root/jclp_automation_portal/jcpl/manage.py", line 22, in <module>
    main()
  File "/root/jclp_automation_portal/jcpl/manage.py", line 18, in main
    execute_from_command_line(sys.argv)
  File "/root/jclp_automation_portal/jcpl/.venv/lib/python3.12/site-packages/django/core/management/__init__.py", line 443, in execute_from_command_line
    utility.execute()
  File "/root/jclp_automation_portal/jcpl/.venv/lib/python3.12/site-packages/django/core/management/__init__.py", line 437, in execute
    self.fetch_command(subcommand).run_from_argv(self.argv)
  File "/root/jclp_automation_portal/jcpl/.venv/lib/python3.12/site-packages/django/core/management/base.py", line 420, in run_from_argv
    self.execute(*args, **cmd_options)
  File "/root/jclp_automation_portal/jcpl/.venv/lib/python3.12/site-packages/django/core/management/base.py", line 464, in execute
    output = self.handle(*args, **options)
             ^^^^^^^^^^^^^^^^^^^^^^^^^^^^^
  File "/root/jclp_automation_portal/jcpl/purchase_controls/management/commands/fetch_po_tab.py", line 18, in handle
    snap = fetch_and_persist()
           ^^^^^^^^^^^^^^^^^^^
  File "/root/jclp_automation_portal/jcpl/purchase_controls/po_fetcher.py", line 73, in fetch_and_persist
    with urllib.request.urlopen(req, timeout=30, context=ssl.create_default_context()) as resp:
         ^^^^^^^^^^^^^^^^^^^^^^^^^^^^^^^^^^^^^^^^^^^^^^^^^^^^^^^^^^^^^^^^^^^^^^^^^^^^^
  File "/usr/lib/python3.12/urllib/request.py", line 215, in urlopen
    return opener.open(url, data, timeout)
           ^^^^^^^^^^^^^^^^^^^^^^^^^^^^^^^
  File "/usr/lib/python3.12/urllib/request.py", line 515, in open
    response = self._open(req, data)
               ^^^^^^^^^^^^^^^^^^^^^
  File "/usr/lib/python3.12/urllib/request.py", line 532, in _open
    result = self._call_chain(self.handle_open, protocol, protocol +
             ^^^^^^^^^^^^^^^^^^^^^^^^^^^^^^^^^^^^^^^^^^^^^^^^^^^^^^^
  File "/usr/lib/python3.12/urllib/request.py", line 492, in _call_chain
    result = func(*args)
             ^^^^^^^^^^^
  File "/usr/lib/python3.12/urllib/request.py", line 1392, in https_open
    return self.do_open(http.client.HTTPSConnection, req,
           ^^^^^^^^^^^^^^^^^^^^^^^^^^^^^^^^^^^^^^^^^^^^^^
  File "/usr/lib/python3.12/urllib/request.py", line 1348, in do_open
    r = h.getresponse()
        ^^^^^^^^^^^^^^^
  File "/usr/lib/python3.12/http/client.py", line 1457, in getresponse
    response.begin()
  File "/usr/lib/python3.12/http/client.py", line 336, in begin
    version, status, reason = self._read_status()
                              ^^^^^^^^^^^^^^^^^^^
  File "/usr/lib/python3.12/http/client.py", line 297, in _read_status
    line = str(self.fp.readline(_MAXLINE + 1), "iso-8859-1")
               ^^^^^^^^^^^^^^^^^^^^^^^^^^^^^^
  File "/usr/lib/python3.12/socket.py", line 707, in readinto
    return self._sock.recv_into(b)
           ^^^^^^^^^^^^^^^^^^^^^^^
  File "/usr/lib/python3.12/ssl.py", line 1252, in recv_into
    return self.read(nbytes, buffer)
           ^^^^^^^^^^^^^^^^^^^^^^^^^
  File "/usr/lib/python3.12/ssl.py", line 1104, in read
    return self._sslobj.read(len, buffer)
           ^^^^^^^^^^^^^^^^^^^^^^^^^^^^^^
TimeoutError: The read operation timed out
[ok] PO snapshot #44 — 1565 lines
[ok] PO snapshot #45 — 1565 lines
[ok] PO snapshot #46 — 1565 lines
[ok] PO snapshot #47 — 1565 lines
[ok] PO snapshot #48 — 1565 lines
[ok] PO snapshot #49 — 1565 lines
[ok] PO snapshot #50 — 1565 lines
[ok] PO snapshot #51 — 1565 lines
[ok] PO snapshot #52 — 1565 lines
[ok] PO snapshot #53 — 1565 lines
Traceback (most recent call last):
  File "/root/jclp_automation_portal/jcpl/manage.py", line 22, in <module>
    main()
  File "/root/jclp_automation_portal/jcpl/manage.py", line 18, in main
    execute_from_command_line(sys.argv)
  File "/root/jclp_automation_portal/jcpl/.venv/lib/python3.12/site-packages/django/core/management/__init__.py", line 443, in execute_from_command_line
    utility.execute()
  File "/root/jclp_automation_portal/jcpl/.venv/lib/python3.12/site-packages/django/core/management/__init__.py", line 437, in execute
    self.fetch_command(subcommand).run_from_argv(self.argv)
  File "/root/jclp_automation_portal/jcpl/.venv/lib/python3.12/site-packages/django/core/management/base.py", line 420, in run_from_argv
    self.execute(*args, **cmd_options)
  File "/root/jclp_automation_portal/jcpl/.venv/lib/python3.12/site-packages/django/core/management/base.py", line 464, in execute
    output = self.handle(*args, **options)
             ^^^^^^^^^^^^^^^^^^^^^^^^^^^^^
  File "/root/jclp_automation_portal/jcpl/purchase_controls/management/commands/fetch_po_tab.py", line 18, in handle
    snap = fetch_and_persist()
           ^^^^^^^^^^^^^^^^^^^
  File "/root/jclp_automation_portal/jcpl/purchase_controls/po_fetcher.py", line 73, in fetch_and_persist
    with urllib.request.urlopen(req, timeout=30, context=ssl.create_default_context()) as resp:
         ^^^^^^^^^^^^^^^^^^^^^^^^^^^^^^^^^^^^^^^^^^^^^^^^^^^^^^^^^^^^^^^^^^^^^^^^^^^^^
  File "/usr/lib/python3.12/urllib/request.py", line 215, in urlopen
    return opener.open(url, data, timeout)
           ^^^^^^^^^^^^^^^^^^^^^^^^^^^^^^^
  File "/usr/lib/python3.12/urllib/request.py", line 515, in open
    response = self._open(req, data)
               ^^^^^^^^^^^^^^^^^^^^^
  File "/usr/lib/python3.12/urllib/request.py", line 532, in _open
    result = self._call_chain(self.handle_open, protocol, protocol +
             ^^^^^^^^^^^^^^^^^^^^^^^^^^^^^^^^^^^^^^^^^^^^^^^^^^^^^^^
  File "/usr/lib/python3.12/urllib/request.py", line 492, in _call_chain
    result = func(*args)
             ^^^^^^^^^^^
  File "/usr/lib/python3.12/urllib/request.py", line 1392, in https_open
    return self.do_open(http.client.HTTPSConnection, req,
           ^^^^^^^^^^^^^^^^^^^^^^^^^^^^^^^^^^^^^^^^^^^^^^
  File "/usr/lib/python3.12/urllib/request.py", line 1348, in do_open
    r = h.getresponse()
        ^^^^^^^^^^^^^^^
  File "/usr/lib/python3.12/http/client.py", line 1457, in getresponse
    response.begin()
  File "/usr/lib/python3.12/http/client.py", line 336, in begin
    version, status, reason = self._read_status()
                              ^^^^^^^^^^^^^^^^^^^
  File "/usr/lib/python3.12/http/client.py", line 297, in _read_status
    line = str(self.fp.readline(_MAXLINE + 1), "iso-8859-1")
               ^^^^^^^^^^^^^^^^^^^^^^^^^^^^^^
  File "/usr/lib/python3.12/socket.py", line 707, in readinto
    return self._sock.recv_into(b)
           ^^^^^^^^^^^^^^^^^^^^^^^
  File "/usr/lib/python3.12/ssl.py", line 1252, in recv_into
    return self.read(nbytes, buffer)
           ^^^^^^^^^^^^^^^^^^^^^^^^^
  File "/usr/lib/python3.12/ssl.py", line 1104, in read
    return self._sslobj.read(len, buffer)
           ^^^^^^^^^^^^^^^^^^^^^^^^^^^^^^
TimeoutError: The read operation timed out
[ok] PO snapshot #54 — 1565 lines
[ok] PO snapshot #55 — 1565 lines
[ok] PO snapshot #56 — 1565 lines
[ok] PO snapshot #57 — 1565 lines
[ok] PO snapshot #58 — 1565 lines
Traceback (most recent call last):
  File "/root/jclp_automation_portal/jcpl/manage.py", line 22, in <module>
    main()
  File "/root/jclp_automation_portal/jcpl/manage.py", line 18, in main
    execute_from_command_line(sys.argv)
  File "/root/jclp_automation_portal/jcpl/.venv/lib/python3.12/site-packages/django/core/management/__init__.py", line 443, in execute_from_command_line
    utility.execute()
  File "/root/jclp_automation_portal/jcpl/.venv/lib/python3.12/site-packages/django/core/management/__init__.py", line 437, in execute
    self.fetch_command(subcommand).run_from_argv(self.argv)
  File "/root/jclp_automation_portal/jcpl/.venv/lib/python3.12/site-packages/django/core/management/base.py", line 420, in run_from_argv
    self.execute(*args, **cmd_options)
  File "/root/jclp_automation_portal/jcpl/.venv/lib/python3.12/site-packages/django/core/management/base.py", line 464, in execute
    output = self.handle(*args, **options)
             ^^^^^^^^^^^^^^^^^^^^^^^^^^^^^
  File "/root/jclp_automation_portal/jcpl/purchase_controls/management/commands/fetch_po_tab.py", line 18, in handle
    snap = fetch_and_persist()
           ^^^^^^^^^^^^^^^^^^^
  File "/root/jclp_automation_portal/jcpl/purchase_controls/po_fetcher.py", line 73, in fetch_and_persist
    with urllib.request.urlopen(req, timeout=30, context=ssl.create_default_context()) as resp:
         ^^^^^^^^^^^^^^^^^^^^^^^^^^^^^^^^^^^^^^^^^^^^^^^^^^^^^^^^^^^^^^^^^^^^^^^^^^^^^
  File "/usr/lib/python3.12/urllib/request.py", line 215, in urlopen
    return opener.open(url, data, timeout)
           ^^^^^^^^^^^^^^^^^^^^^^^^^^^^^^^
  File "/usr/lib/python3.12/urllib/request.py", line 521, in open
    response = meth(req, response)
               ^^^^^^^^^^^^^^^^^^^
  File "/usr/lib/python3.12/urllib/request.py", line 630, in http_response
    response = self.parent.error(
               ^^^^^^^^^^^^^^^^^^
  File "/usr/lib/python3.12/urllib/request.py", line 553, in error
    result = self._call_chain(*args)
             ^^^^^^^^^^^^^^^^^^^^^^^
  File "/usr/lib/python3.12/urllib/request.py", line 492, in _call_chain
    result = func(*args)
             ^^^^^^^^^^^
  File "/usr/lib/python3.12/urllib/request.py", line 745, in http_error_302
    return self.parent.open(new, timeout=req.timeout)
           ^^^^^^^^^^^^^^^^^^^^^^^^^^^^^^^^^^^^^^^^^^
  File "/usr/lib/python3.12/urllib/request.py", line 515, in open
    response = self._open(req, data)
               ^^^^^^^^^^^^^^^^^^^^^
  File "/usr/lib/python3.12/urllib/request.py", line 532, in _open
    result = self._call_chain(self.handle_open, protocol, protocol +
             ^^^^^^^^^^^^^^^^^^^^^^^^^^^^^^^^^^^^^^^^^^^^^^^^^^^^^^^
  File "/usr/lib/python3.12/urllib/request.py", line 492, in _call_chain
    result = func(*args)
             ^^^^^^^^^^^
  File "/usr/lib/python3.12/urllib/request.py", line 1392, in https_open
    return self.do_open(http.client.HTTPSConnection, req,
           ^^^^^^^^^^^^^^^^^^^^^^^^^^^^^^^^^^^^^^^^^^^^^^
  File "/usr/lib/python3.12/urllib/request.py", line 1348, in do_open
    r = h.getresponse()
        ^^^^^^^^^^^^^^^
  File "/usr/lib/python3.12/http/client.py", line 1457, in getresponse
    response.begin()
  File "/usr/lib/python3.12/http/client.py", line 336, in begin
    version, status, reason = self._read_status()
                              ^^^^^^^^^^^^^^^^^^^
  File "/usr/lib/python3.12/http/client.py", line 297, in _read_status
    line = str(self.fp.readline(_MAXLINE + 1), "iso-8859-1")
               ^^^^^^^^^^^^^^^^^^^^^^^^^^^^^^
  File "/usr/lib/python3.12/socket.py", line 707, in readinto
    return self._sock.recv_into(b)
           ^^^^^^^^^^^^^^^^^^^^^^^
  File "/usr/lib/python3.12/ssl.py", line 1252, in recv_into
    return self.read(nbytes, buffer)
           ^^^^^^^^^^^^^^^^^^^^^^^^^
  File "/usr/lib/python3.12/ssl.py", line 1104, in read
    return self._sslobj.read(len, buffer)
           ^^^^^^^^^^^^^^^^^^^^^^^^^^^^^^
TimeoutError: The read operation timed out
[ok] PO snapshot #59 — 1565 lines
[ok] PO snapshot #60 — 1565 lines
[ok] PO snapshot #61 — 1565 lines
[ok] PO snapshot #62 — 1565 lines
[ok] PO snapshot #63 — 1565 lines
[ok] PO snapshot #64 — 1565 lines
[ok] PO snapshot #65 — 1565 lines
[ok] PO snapshot #66 — 1565 lines
[ok] PO snapshot #67 — 1565 lines
[ok] PO snapshot #68 — 1565 lines
[ok] PO snapshot #69 — 1565 lines
[ok] PO snapshot #70 — 1565 lines
[ok] PO snapshot #71 — 1565 lines
[ok] PO snapshot #72 — 1565 lines
[ok] PO snapshot #73 — 1565 lines
[ok] PO snapshot #74 — 1565 lines
[ok] PO snapshot #75 — 1565 lines
[ok] PO snapshot #76 — 1565 lines
[ok] PO snapshot #77 — 1565 lines
[ok] PO snapshot #78 — 1565 lines
[ok] PO snapshot #79 — 1565 lines
[ok] PO snapshot #80 — 1565 lines
[ok] PO snapshot #81 — 1565 lines
[ok] PO snapshot #82 — 1565 lines
[ok] PO snapshot #83 — 1565 lines
[ok] PO snapshot #84 — 1565 lines
[ok] PO snapshot #85 — 1565 lines
[ok] PO snapshot #86 — 1565 lines
[ok] PO snapshot #87 — 1565 lines
[ok] PO snapshot #88 — 1565 lines
[ok] PO snapshot #89 — 1565 lines
[ok] PO snapshot #90 — 1565 lines
[ok] PO snapshot #91 — 1565 lines
[ok] PO snapshot #92 — 1565 lines
[ok] PO snapshot #93 — 1565 lines
[ok] PO snapshot #94 — 1565 lines
[ok] PO snapshot #95 — 1565 lines
[ok] PO snapshot #96 — 1565 lines
[ok] PO snapshot #97 — 1565 lines
[ok] PO snapshot #98 — 1565 lines
[ok] PO snapshot #99 — 1565 lines
[ok] PO snapshot #100 — 1565 lines
Traceback (most recent call last):
  File "/root/jclp_automation_portal/jcpl/manage.py", line 22, in <module>
    main()
  File "/root/jclp_automation_portal/jcpl/manage.py", line 18, in main
    execute_from_command_line(sys.argv)
  File "/root/jclp_automation_portal/jcpl/.venv/lib/python3.12/site-packages/django/core/management/__init__.py", line 443, in execute_from_command_line
    utility.execute()
  File "/root/jclp_automation_portal/jcpl/.venv/lib/python3.12/site-packages/django/core/management/__init__.py", line 437, in execute
    self.fetch_command(subcommand).run_from_argv(self.argv)
  File "/root/jclp_automation_portal/jcpl/.venv/lib/python3.12/site-packages/django/core/management/base.py", line 420, in run_from_argv
    self.execute(*args, **cmd_options)
  File "/root/jclp_automation_portal/jcpl/.venv/lib/python3.12/site-packages/django/core/management/base.py", line 464, in execute
    output = self.handle(*args, **options)
             ^^^^^^^^^^^^^^^^^^^^^^^^^^^^^
  File "/root/jclp_automation_portal/jcpl/purchase_controls/management/commands/fetch_po_tab.py", line 18, in handle
    snap = fetch_and_persist()
           ^^^^^^^^^^^^^^^^^^^
  File "/root/jclp_automation_portal/jcpl/purchase_controls/po_fetcher.py", line 73, in fetch_and_persist
    with urllib.request.urlopen(req, timeout=30, context=ssl.create_default_context()) as resp:
         ^^^^^^^^^^^^^^^^^^^^^^^^^^^^^^^^^^^^^^^^^^^^^^^^^^^^^^^^^^^^^^^^^^^^^^^^^^^^^
  File "/usr/lib/python3.12/urllib/request.py", line 215, in urlopen
    return opener.open(url, data, timeout)
           ^^^^^^^^^^^^^^^^^^^^^^^^^^^^^^^
  File "/usr/lib/python3.12/urllib/request.py", line 515, in open
    response = self._open(req, data)
               ^^^^^^^^^^^^^^^^^^^^^
  File "/usr/lib/python3.12/urllib/request.py", line 532, in _open
    result = self._call_chain(self.handle_open, protocol, protocol +
             ^^^^^^^^^^^^^^^^^^^^^^^^^^^^^^^^^^^^^^^^^^^^^^^^^^^^^^^
  File "/usr/lib/python3.12/urllib/request.py", line 492, in _call_chain
    result = func(*args)
             ^^^^^^^^^^^
  File "/usr/lib/python3.12/urllib/request.py", line 1392, in https_open
    return self.do_open(http.client.HTTPSConnection, req,
           ^^^^^^^^^^^^^^^^^^^^^^^^^^^^^^^^^^^^^^^^^^^^^^
  File "/usr/lib/python3.12/urllib/request.py", line 1348, in do_open
    r = h.getresponse()
        ^^^^^^^^^^^^^^^
  File "/usr/lib/python3.12/http/client.py", line 1457, in getresponse
    response.begin()
  File "/usr/lib/python3.12/http/client.py", line 336, in begin
    version, status, reason = self._read_status()
                              ^^^^^^^^^^^^^^^^^^^
  File "/usr/lib/python3.12/http/client.py", line 297, in _read_status
    line = str(self.fp.readline(_MAXLINE + 1), "iso-8859-1")
               ^^^^^^^^^^^^^^^^^^^^^^^^^^^^^^
  File "/usr/lib/python3.12/socket.py", line 707, in readinto
    return self._sock.recv_into(b)
           ^^^^^^^^^^^^^^^^^^^^^^^
  File "/usr/lib/python3.12/ssl.py", line 1252, in recv_into
    return self.read(nbytes, buffer)
           ^^^^^^^^^^^^^^^^^^^^^^^^^
  File "/usr/lib/python3.12/ssl.py", line 1104, in read
    return self._sslobj.read(len, buffer)
           ^^^^^^^^^^^^^^^^^^^^^^^^^^^^^^
TimeoutError: The read operation timed out
[ok] PO snapshot #101 — 1565 lines
[ok] PO snapshot #102 — 1565 lines
[ok] PO snapshot #103 — 1565 lines
[ok] PO snapshot #104 — 1565 lines
[ok] PO snapshot #105 — 1565 lines
[ok] PO snapshot #106 — 1565 lines
[ok] PO snapshot #107 — 1565 lines
[ok] PO snapshot #108 — 1565 lines
[ok] PO snapshot #109 — 1565 lines
[ok] PO snapshot #110 — 1565 lines
[ok] PO snapshot #111 — 1565 lines
[ok] PO snapshot #112 — 1565 lines
[ok] PO snapshot #113 — 1565 lines
[ok] PO snapshot #114 — 1565 lines
[ok] PO snapshot #115 — 1565 lines
[ok] PO snapshot #116 — 1565 lines
[ok] PO snapshot #117 — 1565 lines
Traceback (most recent call last):
  File "/root/jclp_automation_portal/jcpl/manage.py", line 22, in <module>
    main()
  File "/root/jclp_automation_portal/jcpl/manage.py", line 18, in main
    execute_from_command_line(sys.argv)
  File "/root/jclp_automation_portal/jcpl/.venv/lib/python3.12/site-packages/django/core/management/__init__.py", line 443, in execute_from_command_line
    utility.execute()
  File "/root/jclp_automation_portal/jcpl/.venv/lib/python3.12/site-packages/django/core/management/__init__.py", line 437, in execute
    self.fetch_command(subcommand).run_from_argv(self.argv)
  File "/root/jclp_automation_portal/jcpl/.venv/lib/python3.12/site-packages/django/core/management/base.py", line 420, in run_from_argv
    self.execute(*args, **cmd_options)
  File "/root/jclp_automation_portal/jcpl/.venv/lib/python3.12/site-packages/django/core/management/base.py", line 464, in execute
    output = self.handle(*args, **options)
             ^^^^^^^^^^^^^^^^^^^^^^^^^^^^^
  File "/root/jclp_automation_portal/jcpl/purchase_controls/management/commands/fetch_po_tab.py", line 18, in handle
    snap = fetch_and_persist()
           ^^^^^^^^^^^^^^^^^^^
  File "/root/jclp_automation_portal/jcpl/purchase_controls/po_fetcher.py", line 73, in fetch_and_persist
    with urllib.request.urlopen(req, timeout=30, context=ssl.create_default_context()) as resp:
         ^^^^^^^^^^^^^^^^^^^^^^^^^^^^^^^^^^^^^^^^^^^^^^^^^^^^^^^^^^^^^^^^^^^^^^^^^^^^^
  File "/usr/lib/python3.12/urllib/request.py", line 215, in urlopen
    return opener.open(url, data, timeout)
           ^^^^^^^^^^^^^^^^^^^^^^^^^^^^^^^
  File "/usr/lib/python3.12/urllib/request.py", line 515, in open
    response = self._open(req, data)
               ^^^^^^^^^^^^^^^^^^^^^
  File "/usr/lib/python3.12/urllib/request.py", line 532, in _open
    result = self._call_chain(self.handle_open, protocol, protocol +
             ^^^^^^^^^^^^^^^^^^^^^^^^^^^^^^^^^^^^^^^^^^^^^^^^^^^^^^^
  File "/usr/lib/python3.12/urllib/request.py", line 492, in _call_chain
    result = func(*args)
             ^^^^^^^^^^^
  File "/usr/lib/python3.12/urllib/request.py", line 1392, in https_open
    return self.do_open(http.client.HTTPSConnection, req,
           ^^^^^^^^^^^^^^^^^^^^^^^^^^^^^^^^^^^^^^^^^^^^^^
  File "/usr/lib/python3.12/urllib/request.py", line 1348, in do_open
    r = h.getresponse()
        ^^^^^^^^^^^^^^^
  File "/usr/lib/python3.12/http/client.py", line 1457, in getresponse
    response.begin()
  File "/usr/lib/python3.12/http/client.py", line 336, in begin
    version, status, reason = self._read_status()
                              ^^^^^^^^^^^^^^^^^^^
  File "/usr/lib/python3.12/http/client.py", line 297, in _read_status
    line = str(self.fp.readline(_MAXLINE + 1), "iso-8859-1")
               ^^^^^^^^^^^^^^^^^^^^^^^^^^^^^^
  File "/usr/lib/python3.12/socket.py", line 707, in readinto
    return self._sock.recv_into(b)
           ^^^^^^^^^^^^^^^^^^^^^^^
  File "/usr/lib/python3.12/ssl.py", line 1252, in recv_into
    return self.read(nbytes, buffer)
           ^^^^^^^^^^^^^^^^^^^^^^^^^
  File "/usr/lib/python3.12/ssl.py", line 1104, in read
    return self._sslobj.read(len, buffer)
           ^^^^^^^^^^^^^^^^^^^^^^^^^^^^^^
TimeoutError: The read operation timed out
[ok] PO snapshot #118 — 1565 lines
[ok] PO snapshot #119 — 1565 lines
[ok] PO snapshot #120 — 1565 lines
[ok] PO snapshot #121 — 1565 lines
[ok] PO snapshot #122 — 1565 lines
[ok] PO snapshot #123 — 1565 lines
[ok] PO snapshot #124 — 1565 lines
[ok] PO snapshot #125 — 1565 lines
[ok] PO snapshot #126 — 1565 lines
[ok] PO snapshot #127 — 1565 lines
[ok] PO snapshot #128 — 1565 lines
[ok] PO snapshot #129 — 1565 lines
[ok] PO snapshot #130 — 1565 lines
[ok] PO snapshot #131 — 1565 lines
[ok] PO snapshot #132 — 1565 lines
[ok] PO snapshot #133 — 1565 lines
[ok] PO snapshot #134 — 1565 lines
[ok] PO snapshot #135 — 1565 lines
[ok] PO snapshot #136 — 1565 lines
[ok] PO snapshot #137 — 1565 lines
Traceback (most recent call last):
  File "/root/jclp_automation_portal/jcpl/manage.py", line 22, in <module>
    main()
  File "/root/jclp_automation_portal/jcpl/manage.py", line 18, in main
    execute_from_command_line(sys.argv)
  File "/root/jclp_automation_portal/jcpl/.venv/lib/python3.12/site-packages/django/core/management/__init__.py", line 443, in execute_from_command_line
    utility.execute()
  File "/root/jclp_automation_portal/jcpl/.venv/lib/python3.12/site-packages/django/core/management/__init__.py", line 437, in execute
    self.fetch_command(subcommand).run_from_argv(self.argv)
  File "/root/jclp_automation_portal/jcpl/.venv/lib/python3.12/site-packages/django/core/management/base.py", line 420, in run_from_argv
    self.execute(*args, **cmd_options)
  File "/root/jclp_automation_portal/jcpl/.venv/lib/python3.12/site-packages/django/core/management/base.py", line 464, in execute
    output = self.handle(*args, **options)
             ^^^^^^^^^^^^^^^^^^^^^^^^^^^^^
  File "/root/jclp_automation_portal/jcpl/purchase_controls/management/commands/fetch_po_tab.py", line 18, in handle
    snap = fetch_and_persist()
           ^^^^^^^^^^^^^^^^^^^
  File "/root/jclp_automation_portal/jcpl/purchase_controls/po_fetcher.py", line 73, in fetch_and_persist
    with urllib.request.urlopen(req, timeout=30, context=ssl.create_default_context()) as resp:
         ^^^^^^^^^^^^^^^^^^^^^^^^^^^^^^^^^^^^^^^^^^^^^^^^^^^^^^^^^^^^^^^^^^^^^^^^^^^^^
  File "/usr/lib/python3.12/urllib/request.py", line 215, in urlopen
    return opener.open(url, data, timeout)
           ^^^^^^^^^^^^^^^^^^^^^^^^^^^^^^^
  File "/usr/lib/python3.12/urllib/request.py", line 515, in open
    response = self._open(req, data)
               ^^^^^^^^^^^^^^^^^^^^^
  File "/usr/lib/python3.12/urllib/request.py", line 532, in _open
    result = self._call_chain(self.handle_open, protocol, protocol +
             ^^^^^^^^^^^^^^^^^^^^^^^^^^^^^^^^^^^^^^^^^^^^^^^^^^^^^^^
  File "/usr/lib/python3.12/urllib/request.py", line 492, in _call_chain
    result = func(*args)
             ^^^^^^^^^^^
  File "/usr/lib/python3.12/urllib/request.py", line 1392, in https_open
    return self.do_open(http.client.HTTPSConnection, req,
           ^^^^^^^^^^^^^^^^^^^^^^^^^^^^^^^^^^^^^^^^^^^^^^
  File "/usr/lib/python3.12/urllib/request.py", line 1348, in do_open
    r = h.getresponse()
        ^^^^^^^^^^^^^^^
  File "/usr/lib/python3.12/http/client.py", line 1457, in getresponse
    response.begin()
  File "/usr/lib/python3.12/http/client.py", line 336, in begin
    version, status, reason = self._read_status()
                              ^^^^^^^^^^^^^^^^^^^
  File "/usr/lib/python3.12/http/client.py", line 297, in _read_status
    line = str(self.fp.readline(_MAXLINE + 1), "iso-8859-1")
               ^^^^^^^^^^^^^^^^^^^^^^^^^^^^^^
  File "/usr/lib/python3.12/socket.py", line 707, in readinto
    return self._sock.recv_into(b)
           ^^^^^^^^^^^^^^^^^^^^^^^
  File "/usr/lib/python3.12/ssl.py", line 1252, in recv_into
    return self.read(nbytes, buffer)
           ^^^^^^^^^^^^^^^^^^^^^^^^^
  File "/usr/lib/python3.12/ssl.py", line 1104, in read
    return self._sslobj.read(len, buffer)
           ^^^^^^^^^^^^^^^^^^^^^^^^^^^^^^
TimeoutError: The read operation timed out
[ok] PO snapshot #138 — 1565 lines
[ok] PO snapshot #139 — 1565 lines
[ok] PO snapshot #140 — 1565 lines
[ok] PO snapshot #141 — 1565 lines
[ok] PO snapshot #142 — 1565 lines
[ok] PO snapshot #143 — 1565 lines
[ok] PO snapshot #144 — 1565 lines
[ok] PO snapshot #145 — 1565 lines
[ok] PO snapshot #146 — 1565 lines
[ok] PO snapshot #147 — 1565 lines
[ok] PO snapshot #148 — 1565 lines
[ok] PO snapshot #149 — 1565 lines
[ok] PO snapshot #150 — 1565 lines
[ok] PO snapshot #151 — 1565 lines
[ok] PO snapshot #152 — 1565 lines
[ok] PO snapshot #153 — 1565 lines
[ok] PO snapshot #154 — 1565 lines
[ok] PO snapshot #155 — 1565 lines
[ok] PO snapshot #156 — 1565 lines
[ok] PO snapshot #157 — 1565 lines
[ok] PO snapshot #158 — 1565 lines
[ok] PO snapshot #159 — 1565 lines
[ok] PO snapshot #160 — 1565 lines
[ok] PO snapshot #161 — 1565 lines
[ok] PO snapshot #162 — 1565 lines
[ok] PO snapshot #163 — 1565 lines
[ok] PO snapshot #164 — 1565 lines
[ok] PO snapshot #165 — 1565 lines
[ok] PO snapshot #166 — 1565 lines
[ok] PO snapshot #167 — 1565 lines
[ok] PO snapshot #168 — 1565 lines
[ok] PO snapshot #169 — 1565 lines
[ok] PO snapshot #170 — 1565 lines
[ok] PO snapshot #171 — 1565 lines
Traceback (most recent call last):
  File "/root/jclp_automation_portal/jcpl/manage.py", line 22, in <module>
    main()
  File "/root/jclp_automation_portal/jcpl/manage.py", line 18, in main
    execute_from_command_line(sys.argv)
  File "/root/jclp_automation_portal/jcpl/.venv/lib/python3.12/site-packages/django/core/management/__init__.py", line 443, in execute_from_command_line
    utility.execute()
  File "/root/jclp_automation_portal/jcpl/.venv/lib/python3.12/site-packages/django/core/management/__init__.py", line 437, in execute
    self.fetch_command(subcommand).run_from_argv(self.argv)
  File "/root/jclp_automation_portal/jcpl/.venv/lib/python3.12/site-packages/django/core/management/base.py", line 420, in run_from_argv
    self.execute(*args, **cmd_options)
  File "/root/jclp_automation_portal/jcpl/.venv/lib/python3.12/site-packages/django/core/management/base.py", line 464, in execute
    output = self.handle(*args, **options)
             ^^^^^^^^^^^^^^^^^^^^^^^^^^^^^
  File "/root/jclp_automation_portal/jcpl/purchase_controls/management/commands/fetch_po_tab.py", line 18, in handle
    snap = fetch_and_persist()
           ^^^^^^^^^^^^^^^^^^^
  File "/root/jclp_automation_portal/jcpl/purchase_controls/po_fetcher.py", line 73, in fetch_and_persist
    with urllib.request.urlopen(req, timeout=30, context=ssl.create_default_context()) as resp:
         ^^^^^^^^^^^^^^^^^^^^^^^^^^^^^^^^^^^^^^^^^^^^^^^^^^^^^^^^^^^^^^^^^^^^^^^^^^^^^
  File "/usr/lib/python3.12/urllib/request.py", line 215, in urlopen
    return opener.open(url, data, timeout)
           ^^^^^^^^^^^^^^^^^^^^^^^^^^^^^^^
  File "/usr/lib/python3.12/urllib/request.py", line 515, in open
    response = self._open(req, data)
               ^^^^^^^^^^^^^^^^^^^^^
  File "/usr/lib/python3.12/urllib/request.py", line 532, in _open
    result = self._call_chain(self.handle_open, protocol, protocol +
             ^^^^^^^^^^^^^^^^^^^^^^^^^^^^^^^^^^^^^^^^^^^^^^^^^^^^^^^
  File "/usr/lib/python3.12/urllib/request.py", line 492, in _call_chain
    result = func(*args)
             ^^^^^^^^^^^
  File "/usr/lib/python3.12/urllib/request.py", line 1392, in https_open
    return self.do_open(http.client.HTTPSConnection, req,
           ^^^^^^^^^^^^^^^^^^^^^^^^^^^^^^^^^^^^^^^^^^^^^^
  File "/usr/lib/python3.12/urllib/request.py", line 1348, in do_open
    r = h.getresponse()
        ^^^^^^^^^^^^^^^
  File "/usr/lib/python3.12/http/client.py", line 1457, in getresponse
    response.begin()
  File "/usr/lib/python3.12/http/client.py", line 336, in begin
    version, status, reason = self._read_status()
                              ^^^^^^^^^^^^^^^^^^^
  File "/usr/lib/python3.12/http/client.py", line 297, in _read_status
    line = str(self.fp.readline(_MAXLINE + 1), "iso-8859-1")
               ^^^^^^^^^^^^^^^^^^^^^^^^^^^^^^
  File "/usr/lib/python3.12/socket.py", line 707, in readinto
    return self._sock.recv_into(b)
           ^^^^^^^^^^^^^^^^^^^^^^^
  File "/usr/lib/python3.12/ssl.py", line 1252, in recv_into
    return self.read(nbytes, buffer)
           ^^^^^^^^^^^^^^^^^^^^^^^^^
  File "/usr/lib/python3.12/ssl.py", line 1104, in read
    return self._sslobj.read(len, buffer)
           ^^^^^^^^^^^^^^^^^^^^^^^^^^^^^^
TimeoutError: The read operation timed out
[ok] PO snapshot #172 — 1565 lines
[ok] PO snapshot #173 — 1565 lines
[ok] PO snapshot #174 — 1565 lines
[ok] PO snapshot #175 — 1565 lines
[ok] PO snapshot #176 — 1565 lines
[ok] PO snapshot #177 — 1565 lines
[ok] PO snapshot #178 — 1565 lines
[ok] PO snapshot #179 — 1565 lines
[ok] PO snapshot #180 — 1565 lines
[ok] PO snapshot #181 — 1565 lines
[ok] PO snapshot #182 — 1565 lines
[ok] PO snapshot #183 — 1565 lines
[ok] PO snapshot #184 — 1565 lines
[ok] PO snapshot #185 — 1565 lines
[ok] PO snapshot #186 — 1565 lines
[ok] PO snapshot #187 — 1565 lines
[ok] PO snapshot #188 — 1565 lines
[ok] PO snapshot #189 — 1565 lines
[ok] PO snapshot #190 — 1565 lines
[ok] PO snapshot #191 — 1565 lines
[ok] PO snapshot #192 — 1565 lines
[ok] PO snapshot #193 — 1565 lines
[ok] PO snapshot #194 — 1565 lines
[ok] PO snapshot #195 — 1565 lines
[ok] PO snapshot #196 — 1565 lines
[ok] PO snapshot #197 — 1565 lines
[ok] PO snapshot #198 — 1565 lines
[ok] PO snapshot #199 — 1565 lines
[ok] PO snapshot #200 — 1565 lines
[ok] PO snapshot #201 — 1565 lines
[ok] PO snapshot #202 — 1565 lines
[ok] PO snapshot #203 — 1565 lines
[ok] PO snapshot #204 — 1565 lines
[ok] PO snapshot #205 — 1565 lines
[ok] PO snapshot #206 — 1565 lines
[ok] PO snapshot #207 — 1565 lines
[ok] PO snapshot #208 — 1565 lines
[ok] PO snapshot #209 — 1565 lines
