[ok] recomputed 4 control(s) on snapshot #52
[ok] recomputed 4 control(s) on snapshot #53
[ok] recomputed 4 control(s) on snapshot #54
[ok] recomputed 4 control(s) on snapshot #56
[ok] recomputed 4 control(s) on snapshot #57
[ok] recomputed 4 control(s) on snapshot #58
[ok] recomputed 4 control(s) on snapshot #59
[ok] recomputed 4 control(s) on snapshot #60
[ok] recomputed 4 control(s) on snapshot #61
[ok] recomputed 4 control(s) on snapshot #62
[ok] recomputed 4 control(s) on snapshot #63
[ok] recomputed 4 control(s) on snapshot #64
[ok] recomputed 4 control(s) on snapshot #65
[ok] recomputed 4 control(s) on snapshot #66
[ok] recomputed 4 control(s) on snapshot #67
[ok] recomputed 4 control(s) on snapshot #68
[ok] recomputed 4 control(s) on snapshot #69
[ok] recomputed 4 control(s) on snapshot #70
[ok] recomputed 4 control(s) on snapshot #71
[ok] recomputed 4 control(s) on snapshot #72
[ok] recomputed 4 control(s) on snapshot #73
[ok] recomputed 4 control(s) on snapshot #74
[ok] recomputed 4 control(s) on snapshot #75
[ok] recomputed 4 control(s) on snapshot #77
Content-Type: text/plain; charset="utf-8"
Content-Transfer-Encoding: 7bit
MIME-Version: 1.0
Subject: [JCPL Portal] Controls recomputed =?utf-8?b?4oCU?= snapshot #79
From: no-reply@jollyclamps.local
To: automation@jollyclamps.com
Date: Thu, 20 Aug 2026 08:09:35 +0000
Message-ID: <178721337517.421861.14850627285951058630@ubuntu-24.localhost>

Recomputed 4 control(s) (c3, c4, c6, c7) against snapshot #79 (392 rows).

-------------------------------------------------------------------------------
[ok] recomputed 4 control(s) on snapshot #79
[ok] recomputed 4 control(s) on snapshot #80
[ok] recomputed 4 control(s) on snapshot #81
[ok] recomputed 4 control(s) on snapshot #82
[ok] recomputed 4 control(s) on snapshot #83
[ok] recomputed 4 control(s) on snapshot #84
[ok] recomputed 4 control(s) on snapshot #85
[ok] recomputed 4 control(s) on snapshot #86
[ok] recomputed 4 control(s) on snapshot #87
[ok] recomputed 4 control(s) on snapshot #88
[ok] recomputed 4 control(s) on snapshot #89
[ok] recomputed 4 control(s) on snapshot #90
[ok] recomputed 4 control(s) on snapshot #91
[ok] recomputed 4 control(s) on snapshot #92
[ok] recomputed 4 control(s) on snapshot #93
[ok] recomputed 4 control(s) on snapshot #94
[ok] recomputed 4 control(s) on snapshot #95
[ok] recomputed 4 control(s) on snapshot #96
[ok] recomputed 4 control(s) on snapshot #97
[ok] recomputed 4 control(s) on snapshot #97
[ok] recomputed 4 control(s) on snapshot #97
[ok] recomputed 4 control(s) on snapshot #97
[ok] recomputed 4 control(s) on snapshot #97
[ok] recomputed 4 control(s) on snapshot #102
[ok] recomputed 4 control(s) on snapshot #103
[ok] recomputed 4 control(s) on snapshot #105
[ok] recomputed 4 control(s) on snapshot #107
[ok] recomputed 4 control(s) on snapshot #108
[ok] recomputed 4 control(s) on snapshot #109
[ok] recomputed 4 control(s) on snapshot #112
[ok] recomputed 4 control(s) on snapshot #113
[ok] recomputed 4 control(s) on snapshot #114
[ok] recomputed 4 control(s) on snapshot #115
[ok] recomputed 4 control(s) on snapshot #116
[ok] recomputed 4 control(s) on snapshot #117
[ok] recomputed 4 control(s) on snapshot #118
[ok] recomputed 4 control(s) on snapshot #119
[ok] recomputed 4 control(s) on snapshot #120
[ok] recomputed 4 control(s) on snapshot #121
[ok] recomputed 4 control(s) on snapshot #122
[ok] recomputed 4 control(s) on snapshot #123
[ok] recomputed 4 control(s) on snapshot #124
[ok] recomputed 4 control(s) on snapshot #125
[ok] recomputed 4 control(s) on snapshot #126
[ok] recomputed 4 control(s) on snapshot #127
[ok] recomputed 4 control(s) on snapshot #128
[ok] recomputed 4 control(s) on snapshot #129
[ok] recomputed 4 control(s) on snapshot #130
[ok] recomputed 4 control(s) on snapshot #131
[ok] recomputed 4 control(s) on snapshot #132
[ok] recomputed 4 control(s) on snapshot #133
[ok] recomputed 4 control(s) on snapshot #134
[ok] recomputed 4 control(s) on snapshot #135
[ok] recomputed 4 control(s) on snapshot #136
[ok] recomputed 4 control(s) on snapshot #137
[ok] recomputed 4 control(s) on snapshot #138
[ok] recomputed 4 control(s) on snapshot #139
[ok] recomputed 4 control(s) on snapshot #140
[ok] recomputed 4 control(s) on snapshot #141
[ok] recomputed 4 control(s) on snapshot #142
[ok] recomputed 4 control(s) on snapshot #143
[ok] recomputed 4 control(s) on snapshot #144
[ok] recomputed 4 control(s) on snapshot #145
[ok] recomputed 4 control(s) on snapshot #146
[ok] recomputed 4 control(s) on snapshot #147
[ok] recomputed 4 control(s) on snapshot #148
[ok] recomputed 4 control(s) on snapshot #149
[ok] recomputed 4 control(s) on snapshot #150
[ok] recomputed 4 control(s) on snapshot #151
[ok] recomputed 4 control(s) on snapshot #152
[ok] recomputed 4 control(s) on snapshot #153
[ok] recomputed 4 control(s) on snapshot #154
[ok] recomputed 4 control(s) on snapshot #155
[ok] recomputed 4 control(s) on snapshot #156
[ok] recomputed 4 control(s) on snapshot #157
[ok] recomputed 4 control(s) on snapshot #158
[ok] recomputed 4 control(s) on snapshot #159
[ok] recomputed 4 control(s) on snapshot #160
[ok] recomputed 4 control(s) on snapshot #161
[ok] recomputed 4 control(s) on snapshot #162
[ok] recomputed 4 control(s) on snapshot #163
[ok] recomputed 4 control(s) on snapshot #164
[ok] recomputed 4 control(s) on snapshot #165
[ok] recomputed 4 control(s) on snapshot #166
[ok] recomputed 4 control(s) on snapshot #167
[ok] recomputed 4 control(s) on snapshot #168
[ok] recomputed 4 control(s) on snapshot #169
[ok] recomputed 4 control(s) on snapshot #170
[ok] recomputed 4 control(s) on snapshot #171
[ok] recomputed 4 control(s) on snapshot #172
[ok] recomputed 4 control(s) on snapshot #173
[ok] recomputed 4 control(s) on snapshot #174
[ok] recomputed 4 control(s) on snapshot #175
[ok] recomputed 4 control(s) on snapshot #176
[ok] recomputed 5 control(s) on snapshot #178
[ok] recomputed 7 control(s) on snapshot #181
[ok] recomputed 7 control(s) on snapshot #182
[ok] recomputed 7 control(s) on snapshot #183
[ok] recomputed 7 control(s) on snapshot #184
[ok] recomputed 7 control(s) on snapshot #185
[ok] recomputed 7 control(s) on snapshot #186
[ok] recomputed 7 control(s) on snapshot #187
[ok] recomputed 7 control(s) on snapshot #188
[ok] recomputed 7 control(s) on snapshot #189
[ok] recomputed 7 control(s) on snapshot #190
[ok] recomputed 7 control(s) on snapshot #191
[ok] recomputed 7 control(s) on snapshot #192
[ok] recomputed 7 control(s) on snapshot #193
[ok] recomputed 7 control(s) on snapshot #194
[ok] recomputed 7 control(s) on snapshot #195
[ok] recomputed 7 control(s) on snapshot #196
[ok] recomputed 7 control(s) on snapshot #197
[ok] recomputed 7 control(s) on snapshot #198
[ok] recomputed 7 control(s) on snapshot #199
[ok] recomputed 7 control(s) on snapshot #200
[ok] recomputed 7 control(s) on snapshot #201
[ok] recomputed 7 control(s) on snapshot #202
[ok] recomputed 7 control(s) on snapshot #203
[ok] recomputed 7 control(s) on snapshot #204
[ok] recomputed 7 control(s) on snapshot #205
[ok] recomputed 7 control(s) on snapshot #206
[ok] recomputed 7 control(s) on snapshot #207
[ok] recomputed 7 control(s) on snapshot #208
[ok] recomputed 7 control(s) on snapshot #209
[ok] recomputed 7 control(s) on snapshot #210
[ok] recomputed 7 control(s) on snapshot #211
[ok] recomputed 7 control(s) on snapshot #212
[ok] recomputed 7 control(s) on snapshot #213
[ok] recomputed 7 control(s) on snapshot #214
[ok] recomputed 7 control(s) on snapshot #215
[ok] recomputed 7 control(s) on snapshot #216
[ok] recomputed 7 control(s) on snapshot #217
[ok] recomputed 7 control(s) on snapshot #218
[ok] recomputed 7 control(s) on snapshot #219
[ok] recomputed 7 control(s) on snapshot #220
[ok] recomputed 7 control(s) on snapshot #221
[ok] recomputed 7 control(s) on snapshot #222
[ok] recomputed 7 control(s) on snapshot #223
[ok] recomputed 7 control(s) on snapshot #224
[ok] recomputed 7 control(s) on snapshot #225
[ok] recomputed 7 control(s) on snapshot #226
[ok] recomputed 7 control(s) on snapshot #227
[ok] recomputed 7 control(s) on snapshot #228
[ok] recomputed 7 control(s) on snapshot #229
[ok] recomputed 7 control(s) on snapshot #230
[ok] recomputed 7 control(s) on snapshot #231
[ok] recomputed 7 control(s) on snapshot #232
[ok] recomputed 7 control(s) on snapshot #233
[ok] recomputed 7 control(s) on snapshot #234
[ok] recomputed 7 control(s) on snapshot #235
[ok] recomputed 7 control(s) on snapshot #236
[ok] recomputed 7 control(s) on snapshot #237
[ok] recomputed 7 control(s) on snapshot #238
[ok] recomputed 7 control(s) on snapshot #239
[ok] recomputed 7 control(s) on snapshot #240
[ok] recomputed 7 control(s) on snapshot #241
[ok] recomputed 7 control(s) on snapshot #242
[ok] recomputed 7 control(s) on snapshot #243
[ok] recomputed 7 control(s) on snapshot #244
[ok] recomputed 7 control(s) on snapshot #245
[ok] recomputed 7 control(s) on snapshot #246
[ok] recomputed 7 control(s) on snapshot #247
[ok] recomputed 7 control(s) on snapshot #248
[ok] recomputed 7 control(s) on snapshot #249
[ok] recomputed 7 control(s) on snapshot #250
[ok] recomputed 7 control(s) on snapshot #251
[ok] recomputed 7 control(s) on snapshot #252
[ok] recomputed 7 control(s) on snapshot #253
[ok] recomputed 7 control(s) on snapshot #254
[ok] recomputed 7 control(s) on snapshot #255
[ok] recomputed 7 control(s) on snapshot #256
[ok] recomputed 7 control(s) on snapshot #257
[ok] recomputed 7 control(s) on snapshot #258
[ok] recomputed 7 control(s) on snapshot #259
[ok] recomputed 7 control(s) on snapshot #260
[ok] recomputed 7 control(s) on snapshot #261
[ok] recomputed 7 control(s) on snapshot #262
[ok] recomputed 7 control(s) on snapshot #263
[ok] recomputed 7 control(s) on snapshot #264
[ok] recomputed 7 control(s) on snapshot #265
[ok] recomputed 7 control(s) on snapshot #266
[ok] recomputed 7 control(s) on snapshot #267
[ok] recomputed 7 control(s) on snapshot #268
[ok] recomputed 7 control(s) on snapshot #269
[ok] recomputed 7 control(s) on snapshot #270
[ok] recomputed 7 control(s) on snapshot #271
[ok] recomputed 7 control(s) on snapshot #272
[ok] recomputed 7 control(s) on snapshot #273
[ok] recomputed 7 control(s) on snapshot #274
[ok] recomputed 7 control(s) on snapshot #275
[ok] recomputed 7 control(s) on snapshot #276
[ok] recomputed 7 control(s) on snapshot #277
[ok] recomputed 7 control(s) on snapshot #278
[ok] recomputed 7 control(s) on snapshot #279
[ok] recomputed 7 control(s) on snapshot #280
[ok] recomputed 7 control(s) on snapshot #281
[ok] recomputed 7 control(s) on snapshot #282
[ok] recomputed 7 control(s) on snapshot #283
[ok] recomputed 7 control(s) on snapshot #284
[ok] recomputed 7 control(s) on snapshot #285
[ok] recomputed 7 control(s) on snapshot #286
[ok] recomputed 7 control(s) on snapshot #287
[ok] recomputed 7 control(s) on snapshot #288
[ok] recomputed 7 control(s) on snapshot #289
[ok] recomputed 7 control(s) on snapshot #290
[ok] recomputed 7 control(s) on snapshot #291
[ok] recomputed 7 control(s) on snapshot #292
[ok] recomputed 7 control(s) on snapshot #293
[ok] recomputed 7 control(s) on snapshot #294
[ok] recomputed 7 control(s) on snapshot #295
[ok] recomputed 7 control(s) on snapshot #296
[ok] recomputed 7 control(s) on snapshot #297
[ok] recomputed 7 control(s) on snapshot #298
[ok] recomputed 7 control(s) on snapshot #299
[ok] recomputed 7 control(s) on snapshot #300
[ok] recomputed 7 control(s) on snapshot #301
[ok] recomputed 7 control(s) on snapshot #302
[ok] recomputed 7 control(s) on snapshot #303
[ok] recomputed 7 control(s) on snapshot #304
[ok] recomputed 7 control(s) on snapshot #305
[ok] recomputed 7 control(s) on snapshot #306
[ok] recomputed 7 control(s) on snapshot #307
[ok] recomputed 7 control(s) on snapshot #308
[ok] recomputed 7 control(s) on snapshot #309
[ok] recomputed 7 control(s) on snapshot #310
[ok] recomputed 7 control(s) on snapshot #311
[ok] recomputed 7 control(s) on snapshot #312
[ok] recomputed 7 control(s) on snapshot #313
[ok] recomputed 7 control(s) on snapshot #314
[ok] recomputed 7 control(s) on snapshot #315
[ok] recomputed 7 control(s) on snapshot #316
[ok] recomputed 7 control(s) on snapshot #317
[ok] recomputed 7 control(s) on snapshot #318
[ok] recomputed 7 control(s) on snapshot #319
[ok] recomputed 7 control(s) on snapshot #320
[ok] recomputed 7 control(s) on snapshot #321
[ok] recomputed 7 control(s) on snapshot #322
[ok] recomputed 7 control(s) on snapshot #323
[ok] recomputed 7 control(s) on snapshot #324
[ok] recomputed 7 control(s) on snapshot #325
[ok] recomputed 7 control(s) on snapshot #326
[ok] recomputed 7 control(s) on snapshot #327
[ok] recomputed 7 control(s) on snapshot #328
[ok] recomputed 7 control(s) on snapshot #329
[ok] recomputed 7 control(s) on snapshot #330
[ok] recomputed 7 control(s) on snapshot #331
[ok] recomputed 7 control(s) on snapshot #332
[ok] recomputed 7 control(s) on snapshot #333
[ok] recomputed 7 control(s) on snapshot #334
[ok] recomputed 7 control(s) on snapshot #335
[ok] recomputed 7 control(s) on snapshot #336
[ok] recomputed 7 control(s) on snapshot #337
[ok] recomputed 7 control(s) on snapshot #338
[ok] recomputed 7 control(s) on snapshot #339
[ok] recomputed 7 control(s) on snapshot #340
[ok] recomputed 7 control(s) on snapshot #341
[ok] recomputed 7 control(s) on snapshot #342
[ok] recomputed 7 control(s) on snapshot #343
[ok] recomputed 7 control(s) on snapshot #344
[ok] recomputed 7 control(s) on snapshot #345
[ok] recomputed 7 control(s) on snapshot #346
[ok] recomputed 7 control(s) on snapshot #347
[ok] recomputed 7 control(s) on snapshot #348
[ok] recomputed 7 control(s) on snapshot #349
[ok] recomputed 7 control(s) on snapshot #350
[ok] recomputed 7 control(s) on snapshot #351
[ok] recomputed 7 control(s) on snapshot #352
[ok] recomputed 7 control(s) on snapshot #353
[ok] recomputed 7 control(s) on snapshot #354
[ok] recomputed 7 control(s) on snapshot #355
[ok] recomputed 7 control(s) on snapshot #356
[ok] recomputed 7 control(s) on snapshot #357
[ok] recomputed 7 control(s) on snapshot #358
[ok] recomputed 7 control(s) on snapshot #359
[ok] recomputed 7 control(s) on snapshot #360
[ok] recomputed 7 control(s) on snapshot #361
[ok] recomputed 7 control(s) on snapshot #362
[ok] recomputed 7 control(s) on snapshot #363
[ok] recomputed 7 control(s) on snapshot #364
[ok] recomputed 7 control(s) on snapshot #365
[ok] recomputed 7 control(s) on snapshot #366
[ok] recomputed 7 control(s) on snapshot #367
[ok] recomputed 7 control(s) on snapshot #368
[ok] recomputed 7 control(s) on snapshot #369
[ok] recomputed 7 control(s) on snapshot #370
[ok] recomputed 7 control(s) on snapshot #371
[ok] recomputed 7 control(s) on snapshot #372
[ok] recomputed 7 control(s) on snapshot #373
[ok] recomputed 7 control(s) on snapshot #374
[ok] recomputed 7 control(s) on snapshot #375
[ok] recomputed 7 control(s) on snapshot #376
[ok] recomputed 7 control(s) on snapshot #377
[ok] recomputed 7 control(s) on snapshot #378
[ok] recomputed 7 control(s) on snapshot #379
[ok] recomputed 7 control(s) on snapshot #380
[ok] recomputed 7 control(s) on snapshot #381
[ok] recomputed 7 control(s) on snapshot #382
[ok] recomputed 7 control(s) on snapshot #383
[ok] recomputed 7 control(s) on snapshot #384
[ok] recomputed 7 control(s) on snapshot #385
[ok] recomputed 7 control(s) on snapshot #386
[ok] recomputed 7 control(s) on snapshot #387
[ok] recomputed 7 control(s) on snapshot #388
[ok] recomputed 7 control(s) on snapshot #389
[ok] recomputed 7 control(s) on snapshot #390
[ok] recomputed 7 control(s) on snapshot #391
[ok] recomputed 7 control(s) on snapshot #392
[ok] recomputed 7 control(s) on snapshot #393
[ok] recomputed 7 control(s) on snapshot #394
