[ok] MTO/MTS: removed 0 file(s)
[ok] PPC: removed 0 file(s)
[ok] PPC Forecast: removed 0 file(s)
[ok] Purchase Planning: removed 0 file(s)
[ok] MTO/MTS: removed 0 file(s)
[ok] PPC: removed 0 file(s)
[ok] PPC Forecast: removed 0 file(s)
[ok] Purchase Planning: removed 0 file(s)
[ok] MTO/MTS: removed 0 file(s)
[ok] PPC: removed 0 file(s)
[ok] PPC Forecast: removed 0 file(s)
[ok] Purchase Planning: removed 0 file(s)
[ok] MTO/MTS: removed 0 file(s)
[ok] PPC: removed 0 file(s)
[ok] PPC Forecast: removed 0 file(s)
[ok] Purchase Planning: removed 0 file(s)
[ok] MTO/MTS: removed 0 file(s)
[ok] PPC: removed 0 file(s)
[ok] PPC Forecast: removed 0 file(s)
[ok] Purchase Planning: removed 0 file(s)
[ok] MTO/MTS: removed 0 file(s)
[ok] PPC: removed 0 file(s)
[ok] PPC Forecast: removed 0 file(s)
[ok] Purchase Planning: removed 0 file(s)
[ok] MTO/MTS: removed 0 file(s)
[ok] PPC: removed 0 file(s)
[ok] PPC Forecast: removed 0 file(s)
[ok] Purchase Planning: removed 0 file(s)
[ok] MTO/MTS: removed 0 file(s)
[ok] PPC: removed 0 file(s)
[ok] PPC Forecast: removed 0 file(s)
[ok] Purchase Planning: removed 0 file(s)
[ok] PPC Data Pipeline: removed 2 file(s) across 48 table keys
[ok] MTO/MTS: removed 0 file(s)
[ok] PPC: removed 0 file(s)
[ok] PPC Forecast: removed 0 file(s)
[ok] Purchase Planning: removed 0 file(s)
[ok] PPC Data Pipeline: removed 4 file(s) across 59 table keys
[ok] MTO/MTS: removed 0 file(s)
[ok] PPC: removed 0 file(s)
[ok] PPC Forecast: removed 0 file(s)
[ok] Purchase Planning: removed 0 file(s)
[ok] PPC Data Pipeline: removed 0 file(s) across 59 table keys
[ok] MTO/MTS: removed 0 file(s)
[ok] PPC: removed 0 file(s)
[ok] PPC Forecast: removed 0 file(s)
[ok] Purchase Planning: removed 0 file(s)
[ok] PPC Data Pipeline: removed 0 file(s) across 59 table keys
[ok] MTO/MTS: removed 0 file(s)
[ok] PPC: removed 0 file(s)
[ok] PPC Forecast: removed 0 file(s)
[ok] Purchase Planning: removed 0 file(s)
[ok] PPC Data Pipeline: removed 0 file(s) across 59 table keys
[ok] MTO/MTS: removed 0 file(s)
[ok] PPC: removed 0 file(s)
[ok] PPC Forecast: removed 0 file(s)
[ok] Purchase Planning: removed 0 file(s)
[ok] PPC Data Pipeline: removed 0 file(s) across 59 table keys
